2026-09-01 11:36:34,521 INFO app.gui.main_window: Action completed: MenuItem(id=17, name='Neues Gericht')
2026-09-01 11:38:23,247 INFO app.gui.main_window: Action completed: /Users/nawid/Projects/restaurant-menu-manager/exports/backups/tacomex_menu_backup_20260901_113823.db
2026-09-01 11:50:25,322 INFO app.gui.main_window: Action completed: MenuItem(id=18, name='Neues Gericht')
2026-09-01 11:51:50,235 INFO app.gui.main_window: Action completed: /Users/nawid/Desktop/menu.json
2026-09-01 12:00:22,540 INFO app.gui.main_window: Action completed: MenuItem(id=18, name='Neues Gericht')
2026-09-01 12:01:54,404 INFO app.gui.main_window: Action completed: /Users/nawid/Desktop/menu.pdf
2026-09-01 12:02:16,446 INFO app.gui.main_window: Action completed: /Users/nawid/Desktop/index.html
2026-09-01 12:05:53,697 INFO app.gui.main_window: Action completed: /Users/nawid/Desktop/qr-code.png
2026-09-01 12:14:15,073 INFO app.gui.main_window: Action completed: /Users/nawid/Desktop/index.html
2026-09-01 12:29:53,995 INFO app.gui.main_window: Action completed: /Users/nawid/Desktop/index.html
2026-09-01 12:36:12,844 INFO app.gui.main_window: Action completed: /Users/nawid/Desktop/index.html
2026-09-01 12:44:08,393 INFO app.gui.main_window: Action completed: /Users/nawid/Desktop/index.html
2026-09-01 12:48:49,047 INFO app.gui.main_window: Action completed: /Users/nawid/Desktop/index.html
2026-09-01 13:01:59,502 INFO app.gui.main_window: Action completed: /Users/nawid/Desktop/index.html
2026-09-01 13:05:33,529 INFO app.gui.main_window: Action completed: /Users/nawid/Projects/restaurant-menu-manager/exports/preview/index.html
2026-09-01 13:14:21,152 INFO app.gui.main_window: Action completed: /Users/nawid/Desktop/menu.pdf
2026-09-01 13:41:38,716 INFO app.gui.main_window: Action completed: /Users/nawid/Desktop/menu.pdf
2026-09-01 13:41:39,028 INFO app.gui.main_window: Action completed: /Users/nawid/Projects/restaurant-menu-manager/exports/preview/index.html
2026-09-01 13:42:32,917 INFO app.gui.main_window: Action completed: /Users/nawid/Projects/restaurant-menu-manager/exports/preview/index.html
2026-09-01 13:57:06,117 INFO app.gui.main_window: Action completed: MenuItem(id=164, name='Neues Gericht')
2026-09-01 15:08:10,347 INFO app.gui.main_window: Action completed: /Users/nawid/Desktop/qr-code.png
2026-09-01 15:24:03,480 INFO app.gui.main_window: Action completed: /Users/nawid/Desktop/qr-code.png
2026-09-01 15:31:26,439 INFO app.gui.main_window: Action completed: /Users/nawid/Desktop/qr-code.png
2026-09-01 15:35:46,709 INFO app.gui.main_window: Action completed: /Users/nawid/Desktop/index.html
2026-09-01 15:45:40,980 INFO app.gui.main_window: Action completed: /Users/nawid/Projects/restaurant-menu-manager/exports/preview/index.html
2026-09-01 21:13:03,641 INFO app.gui.main_window: Action completed: /Users/nawid/Desktop/index.html
2026-09-01 21:15:01,542 INFO app.gui.main_window: Action completed: /Users/nawid/Desktop/menu.pdf
2026-09-01 21:22:42,652 INFO app.gui.main_window: Action completed: /Users/nawid/Desktop/menu.pdf
2026-09-01 21:29:47,157 INFO app.gui.main_window: Action completed: /Users/nawid/Projects/restaurant-menu-manager/exports/menu.pdf
2026-09-01 21:30:09,064 INFO app.gui.main_window: Action completed: /Users/nawid/Desktop/menu.pdf
2026-09-01 21:35:52,315 INFO app.gui.main_window: Action completed: /Users/nawid/Desktop/menu.pdf
2026-09-01 21:44:13,825 INFO app.gui.main_window: Action completed: /Users/nawid/Desktop/menu.pdf
2026-09-01 21:51:39,934 INFO app.gui.main_window: Action completed: /Users/nawid/Desktop/menu.pdf
2026-09-01 21:57:42,664 INFO app.gui.main_window: Action completed: /Users/nawid/Desktop/menu.pdf
2026-09-01 22:07:58,102 INFO app.gui.main_window: Action completed: /Users/nawid/Desktop/menu.pdf
2026-09-01 22:11:23,607 INFO app.gui.main_window: Action completed: /Users/nawid/Desktop/menu.pdf
2026-09-01 22:20:39,674 INFO app.gui.main_window: Action completed: /Users/nawid/Desktop/menu.pdf
2026-09-01 22:24:48,554 INFO app.gui.main_window: Action completed: /Users/nawid/Desktop/menu2.pdf
2026-09-01 22:33:02,235 INFO app.gui.main_window: Action completed: /Users/nawid/Projects/restaurant-menu-manager/exports/menu.pdf
2026-09-01 22:33:11,186 INFO app.gui.main_window: Action completed: /Users/nawid/Desktop/menu.pdf
2026-09-01 22:38:37,703 INFO app.gui.main_window: Action completed: /Users/nawid/Desktop/menu.pdf
2026-09-01 22:43:20,124 INFO app.gui.main_window: Action completed: /Users/nawid/Desktop/menu.pdf
2026-09-01 22:44:46,521 INFO app.gui.main_window: Action completed: /Users/nawid/Desktop/menu.pdf
2026-09-01 22:46:47,038 INFO app.gui.main_window: Action completed: /Users/nawid/Desktop/qr-code.png
2026-09-01 22:47:12,360 INFO app.gui.main_window: Action completed: /Users/nawid/Desktop/menu.pdf
2026-09-01 22:50:13,906 INFO app.gui.main_window: Action completed: /Users/nawid/Desktop/menu.pdf
2026-09-01 22:52:21,748 INFO app.gui.main_window: Action completed: /Users/nawid/Projects/restaurant-menu-manager/exports/menu.pdf
2026-09-01 22:53:14,108 INFO app.gui.main_window: Action completed: /Users/nawid/Desktop/menu.pdf
